2025-04-14 04:53:35,646 - INFO - # Parameters: 291344
2025-04-14 04:53:35,647 - INFO - Model size: 0.28 MB
2025-04-14 04:53:35,647 - INFO - Parameters: 
{'config': './config/smartfallmm/student.yaml', 'dataset': 'utd', 'batch_size': 32, 'test_batch_size': 8, 'val_batch_size': 8, 'num_epoch': 100, 'start_epoch': 0, 'optimizer': 'Adam', 'base_lr': 0.001, 'weight_decay': 0.0001, 'model': 'Models.transformer.OptimizedFallDetector', 'device': [0], 'model_args': {'mocap_frames': 128, 'acc_frames': 128, 'num_classes': 1, 'num_heads': 4, 'acc_coords': 4, 'num_layer': 2, 'embed_dim': 64, 'dropout': 0.3, 'activation': 'gelu'}, 'weights': None, 'model_saved_name': 'ttfstudent', 'loss': 'loss.BCE', 'loss_args': '{}', 'dataset_args': {'age_group': ['young'], 'modalities': ['accelerometer'], 'sensors': ['watch'], 'mode': 'sliding_window', 'max_length': 128, 'task': 'fd'}, 'subjects': [29, 30, 31, 33, 45, 46, 34, 37, 39, 38, 43, 35, 36, 44, 34, 32], 'feeder': 'Feeder.Make_Dataset.UTD_mm', 'train_feeder_args': {'batch_size': 32}, 'val_feeder_args': {'batch_size': 32}, 'test_feeder_args': {'batch_size': 32}, 'include_val': True, 'seed': 2, 'log_interval': 10, 'work_dir': 'exps/smartfall_fall_wokd/student/watch_not_distilled_cross_together_2025-04-14_04-53-34', 'print_log': True, 'phase': 'train', 'num_worker': 0, 'result_file': None}

2025-04-14 04:53:35,649 - INFO - ===== Starting fold with test subject 32 =====
2025-04-14 04:53:35,649 - INFO - Train subjects: [45, 36, 29, 39, 30, 31, 33, 34, 35, 37, 43, 44]
2025-04-14 04:53:35,649 - INFO - Val subjects: [38, 46]
2025-04-14 04:53:35,653 - INFO - Model Parameters: 291344
2025-04-14 04:53:35,673 - INFO - Fixed 60 duplicate timestamps
2025-04-14 04:53:35,676 - WARNING - Found 10 time reversals
2025-04-14 04:53:35,686 - INFO - Fixed 4 duplicate timestamps
2025-04-14 04:53:35,694 - INFO - Fixed 9 duplicate timestamps
2025-04-14 04:53:35,696 - WARNING - Found 2 time reversals
2025-04-14 04:53:35,703 - INFO - Fixed 10 duplicate timestamps
/mmfs1/home/sww35/testWatchAcc/LightHART/utils/accelerometer_processor.py:44: UserWarning: Could not infer format, so each element will be parsed individually, falling back to `dateutil`. To ensure parsing is consistent and as-expected, please specify a format.
  timestamps = pd.to_datetime(data.iloc[:, 0], errors='coerce')
2025-04-14 04:53:35,714 - WARNING - Found 1 invalid timestamps at rows [0]...
2025-04-14 04:53:35,715 - ERROR - Error processing /mmfs1/home/sww35/testWatchAcc/LightHART/data/smartfallmm/young/accelerometer/watch/S33A10T04.csv: 0
2025-04-14 04:53:35,715 - ERROR - Error processing /mmfs1/home/sww35/testWatchAcc/LightHART/data/smartfallmm/young/accelerometer/watch/S33A10T04.csv: 0
2025-04-14 04:53:35,720 - INFO - Fixed 22 duplicate timestamps
2025-04-14 04:53:35,726 - INFO - Fixed 1 duplicate timestamps
2025-04-14 04:53:35,733 - INFO - Fixed 10 duplicate timestamps
2025-04-14 04:53:35,736 - WARNING - Found 2 time reversals
2025-04-14 04:53:35,742 - INFO - Fixed 2 duplicate timestamps
2025-04-14 04:53:35,749 - INFO - Fixed 4 duplicate timestamps
2025-04-14 04:53:35,755 - INFO - Fixed 1 duplicate timestamps
2025-04-14 04:53:35,764 - INFO - Fixed 68 duplicate timestamps
2025-04-14 04:53:35,803 - INFO - Fixed 471 duplicate timestamps
2025-04-14 04:53:35,815 - WARNING - Found 164 time reversals
/mmfs1/home/sww35/testWatchAcc/LightHART/utils/accelerometer_processor.py:44: UserWarning: Could not infer format, so each element will be parsed individually, falling back to `dateutil`. To ensure parsing is consistent and as-expected, please specify a format.
  timestamps = pd.to_datetime(data.iloc[:, 0], errors='coerce')
2025-04-14 04:53:35,862 - WARNING - Found 647 invalid timestamps at rows [0 1 2 3 4]...
2025-04-14 04:53:35,862 - ERROR - Error processing /mmfs1/home/sww35/testWatchAcc/LightHART/data/smartfallmm/young/accelerometer/watch/S33A06T08.csv: Insufficient valid data rows after cleaning: 0
2025-04-14 04:53:35,862 - ERROR - Error processing /mmfs1/home/sww35/testWatchAcc/LightHART/data/smartfallmm/young/accelerometer/watch/S33A06T08.csv: Insufficient valid data rows after cleaning: 0
2025-04-14 04:53:35,905 - INFO - Fixed 653 duplicate timestamps
2025-04-14 04:53:35,920 - WARNING - Found 291 time reversals
/mmfs1/home/sww35/testWatchAcc/LightHART/utils/accelerometer_processor.py:44: UserWarning: Could not infer format, so each element will be parsed individually, falling back to `dateutil`. To ensure parsing is consistent and as-expected, please specify a format.
  timestamps = pd.to_datetime(data.iloc[:, 0], errors='coerce')
2025-04-14 04:53:35,924 - WARNING - Found 1 invalid timestamps at rows [0]...
2025-04-14 04:53:35,924 - ERROR - Error processing /mmfs1/home/sww35/testWatchAcc/LightHART/data/smartfallmm/young/accelerometer/watch/S33A10T03.csv: 0
2025-04-14 04:53:35,925 - ERROR - Error processing /mmfs1/home/sww35/testWatchAcc/LightHART/data/smartfallmm/young/accelerometer/watch/S33A10T03.csv: 0
2025-04-14 04:53:35,936 - INFO - Fixed 119 duplicate timestamps
2025-04-14 04:53:35,940 - WARNING - Found 38 time reversals
2025-04-14 04:53:35,948 - INFO - Fixed 72 duplicate timestamps
2025-04-14 04:53:35,950 - WARNING - Found 17 time reversals
2025-04-14 04:53:35,955 - INFO - Fixed 12 duplicate timestamps
2025-04-14 04:53:35,956 - WARNING - Found 1 time reversals
2025-04-14 04:53:35,965 - INFO - Fixed 77 duplicate timestamps
2025-04-14 04:53:35,977 - INFO - Fixed 9 duplicate timestamps
2025-04-14 04:53:35,978 - WARNING - Found 1 time reversals
2025-04-14 04:53:36,012 - INFO - Fixed 496 duplicate timestamps
2025-04-14 04:53:36,024 - WARNING - Found 184 time reversals
2025-04-14 04:53:36,074 - INFO - Fixed 898 duplicate timestamps
2025-04-14 04:53:36,095 - WARNING - Found 346 time reversals
2025-04-14 04:53:36,110 - INFO - Fixed 38 duplicate timestamps
2025-04-14 04:53:36,117 - WARNING - Found 13 time reversals
/mmfs1/home/sww35/testWatchAcc/LightHART/utils/accelerometer_processor.py:44: UserWarning: Could not infer format, so each element will be parsed individually, falling back to `dateutil`. To ensure parsing is consistent and as-expected, please specify a format.
  timestamps = pd.to_datetime(data.iloc[:, 0], errors='coerce')
2025-04-14 04:53:36,150 - WARNING - Found 355 invalid timestamps at rows [0 1 2 3 4]...
2025-04-14 04:53:36,150 - ERROR - Error processing /mmfs1/home/sww35/testWatchAcc/LightHART/data/smartfallmm/young/accelerometer/watch/S33A01T05.csv: Insufficient valid data rows after cleaning: 0
2025-04-14 04:53:36,150 - ERROR - Error processing /mmfs1/home/sww35/testWatchAcc/LightHART/data/smartfallmm/young/accelerometer/watch/S33A01T05.csv: Insufficient valid data rows after cleaning: 0
2025-04-14 04:53:36,163 - INFO - Fixed 68 duplicate timestamps
2025-04-14 04:53:36,168 - WARNING - Found 28 time reversals
2025-04-14 04:53:36,178 - INFO - Fixed 46 duplicate timestamps
2025-04-14 04:53:36,188 - INFO - Fixed 33 duplicate timestamps
2025-04-14 04:53:36,197 - INFO - Fixed 35 duplicate timestamps
2025-04-14 04:53:36,205 - INFO - Fixed 1 duplicate timestamps
2025-04-14 04:53:36,221 - INFO - Fixed 86 duplicate timestamps
2025-04-14 04:53:36,227 - WARNING - Found 32 time reversals
2025-04-14 04:53:36,259 - INFO - Fixed 403 duplicate timestamps
2025-04-14 04:53:36,268 - WARNING - Found 153 time reversals
2025-04-14 04:53:36,274 - INFO - Fixed 3 duplicate timestamps
2025-04-14 04:53:36,282 - INFO - Fixed 61 duplicate timestamps
2025-04-14 04:53:36,284 - WARNING - Found 16 time reversals
2025-04-14 04:53:36,288 - INFO - Fixed 5 duplicate timestamps
2025-04-14 04:53:36,306 - INFO - Fixed 68 duplicate timestamps
2025-04-14 04:53:36,311 - WARNING - Found 28 time reversals
2025-04-14 04:53:36,325 - INFO - Fixed 68 duplicate timestamps
2025-04-14 04:53:36,330 - WARNING - Found 28 time reversals
2025-04-14 04:53:36,337 - INFO - Fixed 10 duplicate timestamps
2025-04-14 04:53:36,345 - INFO - Fixed 1 duplicate timestamps
/mmfs1/home/sww35/testWatchAcc/LightHART/utils/accelerometer_processor.py:44: UserWarning: Could not infer format, so each element will be parsed individually, falling back to `dateutil`. To ensure parsing is consistent and as-expected, please specify a format.
  timestamps = pd.to_datetime(data.iloc[:, 0], errors='coerce')
2025-04-14 04:53:36,350 - WARNING - Found 168 invalid timestamps at rows [  0 341 342 343 344]...
2025-04-14 04:53:36,351 - ERROR - Error processing /mmfs1/home/sww35/testWatchAcc/LightHART/data/smartfallmm/young/accelerometer/watch/S33A13T04.csv: 0
2025-04-14 04:53:36,351 - ERROR - Error processing /mmfs1/home/sww35/testWatchAcc/LightHART/data/smartfallmm/young/accelerometer/watch/S33A13T04.csv: 0
2025-04-14 04:53:36,464 - INFO - Fixed 505 duplicate timestamps
2025-04-14 04:53:36,595 - WARNING - Found 239 time reversals
2025-04-14 04:53:36,607 - INFO - Fixed 43 duplicate timestamps
2025-04-14 04:53:36,614 - INFO - Fixed 2 duplicate timestamps
2025-04-14 04:53:36,622 - INFO - Fixed 8 duplicate timestamps
2025-04-14 04:53:36,624 - WARNING - Found 1 time reversals
2025-04-14 04:53:36,633 - INFO - Fixed 48 duplicate timestamps
2025-04-14 04:53:36,641 - INFO - Fixed 7 duplicate timestamps
2025-04-14 04:53:36,642 - WARNING - Found 1 time reversals
2025-04-14 04:53:36,677 - INFO - Fixed 537 duplicate timestamps
2025-04-14 04:53:36,689 - WARNING - Found 189 time reversals
2025-04-14 04:53:36,696 - INFO - Fixed 2 duplicate timestamps
/mmfs1/home/sww35/testWatchAcc/LightHART/utils/accelerometer_processor.py:44: UserWarning: Could not infer format, so each element will be parsed individually, falling back to `dateutil`. To ensure parsing is consistent and as-expected, please specify a format.
  timestamps = pd.to_datetime(data.iloc[:, 0], errors='coerce')
2025-04-14 04:53:36,701 - WARNING - Found 1 invalid timestamps at rows [0]...
2025-04-14 04:53:36,702 - ERROR - Error processing /mmfs1/home/sww35/testWatchAcc/LightHART/data/smartfallmm/young/accelerometer/watch/S33A03T01.csv: 0
2025-04-14 04:53:36,702 - ERROR - Error processing /mmfs1/home/sww35/testWatchAcc/LightHART/data/smartfallmm/young/accelerometer/watch/S33A03T01.csv: 0
2025-04-14 04:53:36,721 - INFO - Fixed 47 duplicate timestamps
2025-04-14 04:53:36,732 - WARNING - Found 21 time reversals
2025-04-14 04:53:36,775 - INFO - Fixed 751 duplicate timestamps
2025-04-14 04:53:36,792 - WARNING - Found 257 time reversals
/mmfs1/home/sww35/testWatchAcc/LightHART/utils/accelerometer_processor.py:44: UserWarning: Could not infer format, so each element will be parsed individually, falling back to `dateutil`. To ensure parsing is consistent and as-expected, please specify a format.
  timestamps = pd.to_datetime(data.iloc[:, 0], errors='coerce')
2025-04-14 04:53:36,795 - WARNING - Found 1 invalid timestamps at rows [0]...
2025-04-14 04:53:36,796 - ERROR - Error processing /mmfs1/home/sww35/testWatchAcc/LightHART/data/smartfallmm/young/accelerometer/watch/S33A09T02.csv: 0
2025-04-14 04:53:36,796 - ERROR - Error processing /mmfs1/home/sww35/testWatchAcc/LightHART/data/smartfallmm/young/accelerometer/watch/S33A09T02.csv: 0
2025-04-14 04:53:36,838 - INFO - Fixed 733 duplicate timestamps
2025-04-14 04:53:36,854 - WARNING - Found 282 time reversals
2025-04-14 04:53:36,862 - INFO - Fixed 25 duplicate timestamps
2025-04-14 04:53:36,864 - WARNING - Found 4 time reversals
2025-04-14 04:53:36,877 - INFO - Fixed 47 duplicate timestamps
2025-04-14 04:53:36,882 - WARNING - Found 10 time reversals
2025-04-14 04:53:36,889 - INFO - Fixed 7 duplicate timestamps
2025-04-14 04:53:36,891 - WARNING - Found 2 time reversals
2025-04-14 04:53:36,907 - INFO - Fixed 48 duplicate timestamps
2025-04-14 04:53:36,915 - WARNING - Found 20 time reversals
2025-04-14 04:53:36,924 - INFO - Fixed 19 duplicate timestamps
2025-04-14 04:53:36,927 - WARNING - Found 7 time reversals
2025-04-14 04:53:36,939 - INFO - Fixed 37 duplicate timestamps
2025-04-14 04:53:36,944 - WARNING - Found 12 time reversals
/mmfs1/home/sww35/testWatchAcc/LightHART/utils/accelerometer_processor.py:44: UserWarning: Could not infer format, so each element will be parsed individually, falling back to `dateutil`. To ensure parsing is consistent and as-expected, please specify a format.
  timestamps = pd.to_datetime(data.iloc[:, 0], errors='coerce')
2025-04-14 04:53:36,948 - WARNING - Found 110 invalid timestamps at rows [  0 503 504 505 506]...
2025-04-14 04:53:36,949 - ERROR - Error processing /mmfs1/home/sww35/testWatchAcc/LightHART/data/smartfallmm/young/accelerometer/watch/S33A14T02.csv: 0
2025-04-14 04:53:36,949 - ERROR - Error processing /mmfs1/home/sww35/testWatchAcc/LightHART/data/smartfallmm/young/accelerometer/watch/S33A14T02.csv: 0
2025-04-14 04:53:37,003 - INFO - Fixed 930 duplicate timestamps
2025-04-14 04:53:37,022 - WARNING - Found 438 time reversals
2025-04-14 04:53:37,030 - INFO - Fixed 8 duplicate timestamps
2025-04-14 04:53:37,038 - INFO - Fixed 8 duplicate timestamps
2025-04-14 04:53:37,039 - WARNING - Found 1 time reversals
2025-04-14 04:53:37,044 - INFO - Fixed 15 duplicate timestamps
2025-04-14 04:53:37,045 - WARNING - Found 4 time reversals
/mmfs1/home/sww35/testWatchAcc/LightHART/utils/accelerometer_processor.py:44: UserWarning: Could not infer format, so each element will be parsed individually, falling back to `dateutil`. To ensure parsing is consistent and as-expected, please specify a format.
  timestamps = pd.to_datetime(data.iloc[:, 0], errors='coerce')
2025-04-14 04:53:37,048 - WARNING - Found 172 invalid timestamps at rows [  0 342 343 344 345]...
2025-04-14 04:53:37,048 - ERROR - Error processing /mmfs1/home/sww35/testWatchAcc/LightHART/data/smartfallmm/young/accelerometer/watch/S33A05T03.csv: 0
2025-04-14 04:53:37,048 - ERROR - Error processing /mmfs1/home/sww35/testWatchAcc/LightHART/data/smartfallmm/young/accelerometer/watch/S33A05T03.csv: 0
2025-04-14 04:53:37,086 - INFO - Fixed 530 duplicate timestamps
2025-04-14 04:53:37,101 - WARNING - Found 188 time reversals
2025-04-14 04:53:37,107 - INFO - Fixed 7 duplicate timestamps
2025-04-14 04:53:37,205 - INFO - Fixed 1762 duplicate timestamps
slurmstepd: error: *** JOB 513254 ON gpu2-001 CANCELLED AT 2025-04-14T04:53:37 ***
