# Parameters: 291344
Model size: 0.28 MB
Parameters: 
{'config': './config/smartfallmm/student.yaml', 'dataset': 'utd', 'batch_size': 32, 'test_batch_size': 8, 'val_batch_size': 8, 'num_epoch': 100, 'start_epoch': 0, 'optimizer': 'Adam', 'base_lr': 0.0005, 'weight_decay': 0.0001, 'model': 'Models.transformer.OptimizedFallDetector', 'device': [0], 'model_args': {'mocap_frames': 128, 'acc_frames': 128, 'num_classes': 1, 'num_heads': 4, 'acc_coords': 4, 'num_layer': 2, 'embed_dim': 64, 'dropout': 0.3, 'activation': 'gelu'}, 'weights': None, 'model_saved_name': 'ttfstudent', 'loss': 'loss.BCE', 'loss_args': '{}', 'dataset_args': {'age_group': ['young'], 'modalities': ['accelerometer'], 'sensors': ['watch'], 'mode': 'avg_pool', 'max_length': 128, 'task': 'fd'}, 'subjects': [1, 2, 3, 4, 5, 6, 7, 8, 9, 10, 11, 12, 13, 14, 15, 16, 17, 18, 19], 'feeder': 'Feeder.Make_Dataset.UTD_mm', 'train_feeder_args': {'batch_size': 32}, 'val_feeder_args': {'batch_size': 32}, 'test_feeder_args': {'batch_size': 32}, 'include_val': True, 'seed': 2, 'log_interval': 10, 'work_dir': 'exps/smartfall_fall_wokd/student/watch_not_distilled_cross_together_2025-04-14_03-59-36', 'print_log': True, 'phase': 'train', 'num_worker': 0, 'result_file': None}

Model Parameters: 291344
No fall samples found - adding synthetic fall data
No non-fall samples found - adding synthetic non-fall data
Dataset Statistics for subjects [2, 3, 4, 5, 6, 7, 8, 9, 10, 11, 12, 13, 14, 15, 16, 17, 18, 19]:
Total files: 0
Successfully processed: 0 (0.0%)
Errors: 0
Falls: 5 samples
Non-falls: 5 samples
Activities distribution:
Error processing /mmfs1/home/sww35/testWatchAcc/LightHART/data/smartfallmm/young/accelerometer/watch/S46A13T04.csv: Invalid duration: -61.687
Error processing /mmfs1/home/sww35/testWatchAcc/LightHART/data/smartfallmm/young/accelerometer/watch/S46A05T02.csv: 0
Error processing /mmfs1/home/sww35/testWatchAcc/LightHART/data/smartfallmm/young/accelerometer/watch/S46A04T04.csv: 0
Error processing /mmfs1/home/sww35/testWatchAcc/LightHART/data/smartfallmm/young/accelerometer/watch/S46A06T05.csv: 0
Error processing /mmfs1/home/sww35/testWatchAcc/LightHART/data/smartfallmm/young/accelerometer/watch/S38A05T02.csv: 0
Error processing /mmfs1/home/sww35/testWatchAcc/LightHART/data/smartfallmm/young/accelerometer/watch/S46A06T04.csv: 0
Error processing /mmfs1/home/sww35/testWatchAcc/LightHART/data/smartfallmm/young/accelerometer/watch/S46A11T03.csv: Invalid duration: -56.216
Error processing /mmfs1/home/sww35/testWatchAcc/LightHART/data/smartfallmm/young/accelerometer/watch/S46A09T04.csv: 0
Error processing /mmfs1/home/sww35/testWatchAcc/LightHART/data/smartfallmm/young/accelerometer/watch/S46A10T01.csv: 0
Error processing /mmfs1/home/sww35/testWatchAcc/LightHART/data/smartfallmm/young/accelerometer/watch/S46A13T03.csv: Invalid duration: -61.687
Error processing /mmfs1/home/sww35/testWatchAcc/LightHART/data/smartfallmm/young/accelerometer/watch/S46A05T04.csv: 0
Error processing /mmfs1/home/sww35/testWatchAcc/LightHART/data/smartfallmm/young/accelerometer/watch/S46A12T03.csv: 0
Error processing /mmfs1/home/sww35/testWatchAcc/LightHART/data/smartfallmm/young/accelerometer/watch/S46A13T02.csv: Invalid duration: -61.687
Error processing /mmfs1/home/sww35/testWatchAcc/LightHART/data/smartfallmm/young/accelerometer/watch/S46A01T01.csv: 0
Error processing /mmfs1/home/sww35/testWatchAcc/LightHART/data/smartfallmm/young/accelerometer/watch/S38A14T04.csv: 0
Error processing /mmfs1/home/sww35/testWatchAcc/LightHART/data/smartfallmm/young/accelerometer/watch/S46A03T04.csv: 0
Error processing /mmfs1/home/sww35/testWatchAcc/LightHART/data/smartfallmm/young/accelerometer/watch/S46A02T02.csv: 0
Error processing /mmfs1/home/sww35/testWatchAcc/LightHART/data/smartfallmm/young/accelerometer/watch/S46A09T01.csv: 0
Error processing /mmfs1/home/sww35/testWatchAcc/LightHART/data/smartfallmm/young/accelerometer/watch/S46A14T01.csv: 0
Error processing /mmfs1/home/sww35/testWatchAcc/LightHART/data/smartfallmm/young/accelerometer/watch/S46A13T01.csv: Invalid duration: -61.687
Error processing /mmfs1/home/sww35/testWatchAcc/LightHART/data/smartfallmm/young/accelerometer/watch/S46A01T02.csv: 0
Error processing /mmfs1/home/sww35/testWatchAcc/LightHART/data/smartfallmm/young/accelerometer/watch/S46A06T03.csv: 0
Error processing /mmfs1/home/sww35/testWatchAcc/LightHART/data/smartfallmm/young/accelerometer/watch/S46A14T03.csv: 0
Error processing /mmfs1/home/sww35/testWatchAcc/LightHART/data/smartfallmm/young/accelerometer/watch/S46A12T01.csv: 0
Error processing /mmfs1/home/sww35/testWatchAcc/LightHART/data/smartfallmm/young/accelerometer/watch/S46A14T05.csv: 0
Error processing /mmfs1/home/sww35/testWatchAcc/LightHART/data/smartfallmm/young/accelerometer/watch/S46A02T01.csv: 0
Error processing /mmfs1/home/sww35/testWatchAcc/LightHART/data/smartfallmm/young/accelerometer/watch/S38A14T01.csv: 0
Error processing /mmfs1/home/sww35/testWatchAcc/LightHART/data/smartfallmm/young/accelerometer/watch/S46A05T05.csv: 0
Error processing /mmfs1/home/sww35/testWatchAcc/LightHART/data/smartfallmm/young/accelerometer/watch/S46A12T02.csv: 0
Error processing /mmfs1/home/sww35/testWatchAcc/LightHART/data/smartfallmm/young/accelerometer/watch/S38A03T05.csv: 0
Error processing /mmfs1/home/sww35/testWatchAcc/LightHART/data/smartfallmm/young/accelerometer/watch/S46A12T04.csv: 0
Error processing /mmfs1/home/sww35/testWatchAcc/LightHART/data/smartfallmm/young/accelerometer/watch/S46A14T04.csv: 0
Error processing /mmfs1/home/sww35/testWatchAcc/LightHART/data/smartfallmm/young/accelerometer/watch/S46A08T05.csv: 0
Error processing /mmfs1/home/sww35/testWatchAcc/LightHART/data/smartfallmm/young/accelerometer/watch/S46A09T03.csv: 0
Error processing /mmfs1/home/sww35/testWatchAcc/LightHART/data/smartfallmm/young/accelerometer/watch/S46A03T01.csv: 0
Error processing /mmfs1/home/sww35/testWatchAcc/LightHART/data/smartfallmm/young/accelerometer/watch/S46A02T04.csv: 0
Error processing /mmfs1/home/sww35/testWatchAcc/LightHART/data/smartfallmm/young/accelerometer/watch/S46A06T02.csv: 0
Error processing /mmfs1/home/sww35/testWatchAcc/LightHART/data/smartfallmm/young/accelerometer/watch/S46A01T05.csv: 0
Error processing /mmfs1/home/sww35/testWatchAcc/LightHART/data/smartfallmm/young/accelerometer/watch/S46A06T01.csv: 0
Error processing /mmfs1/home/sww35/testWatchAcc/LightHART/data/smartfallmm/young/accelerometer/watch/S46A03T02.csv: 0
Error processing /mmfs1/home/sww35/testWatchAcc/LightHART/data/smartfallmm/young/accelerometer/watch/S46A08T04.csv: 0
Error processing /mmfs1/home/sww35/testWatchAcc/LightHART/data/smartfallmm/young/accelerometer/watch/S46A02T03.csv: 0
Error processing /mmfs1/home/sww35/testWatchAcc/LightHART/data/smartfallmm/young/accelerometer/watch/S46A01T03.csv: 0
Error processing /mmfs1/home/sww35/testWatchAcc/LightHART/data/smartfallmm/young/accelerometer/watch/S46A14T02.csv: 0
Error processing /mmfs1/home/sww35/testWatchAcc/LightHART/data/smartfallmm/young/accelerometer/watch/S38A01T01.csv: 0
Error processing /mmfs1/home/sww35/testWatchAcc/LightHART/data/smartfallmm/young/accelerometer/watch/S46A04T02.csv: 0
Error processing /mmfs1/home/sww35/testWatchAcc/LightHART/data/smartfallmm/young/accelerometer/watch/S46A03T05.csv: 0
Error processing /mmfs1/home/sww35/testWatchAcc/LightHART/data/smartfallmm/young/accelerometer/watch/S46A11T05.csv: 0
Error processing /mmfs1/home/sww35/testWatchAcc/LightHART/data/smartfallmm/young/accelerometer/watch/S46A02T05.csv: 0
Error processing /mmfs1/home/sww35/testWatchAcc/LightHART/data/smartfallmm/young/accelerometer/watch/S46A08T03.csv: 0
Error processing /mmfs1/home/sww35/testWatchAcc/LightHART/data/smartfallmm/young/accelerometer/watch/S46A08T01.csv: 0
Error processing /mmfs1/home/sww35/testWatchAcc/LightHART/data/smartfallmm/young/accelerometer/watch/S46A12T05.csv: 0
Error processing /mmfs1/home/sww35/testWatchAcc/LightHART/data/smartfallmm/young/accelerometer/watch/S46A13T05.csv: Invalid duration: -61.687
Error processing /mmfs1/home/sww35/testWatchAcc/LightHART/data/smartfallmm/young/accelerometer/watch/S46A11T02.csv: 0
Error processing /mmfs1/home/sww35/testWatchAcc/LightHART/data/smartfallmm/young/accelerometer/watch/S46A09T02.csv: 0
Error processing /mmfs1/home/sww35/testWatchAcc/LightHART/data/smartfallmm/young/accelerometer/watch/S46A05T01.csv: 0
Error processing /mmfs1/home/sww35/testWatchAcc/LightHART/data/smartfallmm/young/accelerometer/watch/S46A03T03.csv: 0
Error processing /mmfs1/home/sww35/testWatchAcc/LightHART/data/smartfallmm/young/accelerometer/watch/S46A04T01.csv: 0
Error processing /mmfs1/home/sww35/testWatchAcc/LightHART/data/smartfallmm/young/accelerometer/watch/S38A06T03.csv: 0
Error processing /mmfs1/home/sww35/testWatchAcc/LightHART/data/smartfallmm/young/accelerometer/watch/S46A10T03.csv: 0
Error processing /mmfs1/home/sww35/testWatchAcc/LightHART/data/smartfallmm/young/accelerometer/watch/S38A03T01.csv: 0
Error processing /mmfs1/home/sww35/testWatchAcc/LightHART/data/smartfallmm/young/accelerometer/watch/S46A01T04.csv: 0
Error processing /mmfs1/home/sww35/testWatchAcc/LightHART/data/smartfallmm/young/accelerometer/watch/S46A11T04.csv: 0
Error processing /mmfs1/home/sww35/testWatchAcc/LightHART/data/smartfallmm/young/accelerometer/watch/S46A08T02.csv: 0
Error processing /mmfs1/home/sww35/testWatchAcc/LightHART/data/smartfallmm/young/accelerometer/watch/S46A05T03.csv: 0
Error processing /mmfs1/home/sww35/testWatchAcc/LightHART/data/smartfallmm/young/accelerometer/watch/S46A10T02.csv: 0
Error processing /mmfs1/home/sww35/testWatchAcc/LightHART/data/smartfallmm/young/accelerometer/watch/S46A04T05.csv: 0
Error processing /mmfs1/home/sww35/testWatchAcc/LightHART/data/smartfallmm/young/accelerometer/watch/S46A09T05.csv: 0
Error processing /mmfs1/home/sww35/testWatchAcc/LightHART/data/smartfallmm/young/accelerometer/watch/S46A04T03.csv: 0
Error processing /mmfs1/home/sww35/testWatchAcc/LightHART/data/smartfallmm/young/accelerometer/watch/S46A10T04.csv: Invalid duration: -79.616
Dataset Statistics for subjects [38, 46]:
Total files: 133
Successfully processed: 63 (47.4%)
Errors: 70
Falls: 46 samples
Non-falls: 90 samples
Activities distribution:
  Activity 1 (ADL): 10 files
  Activity 2 (ADL): 10 files
  Activity 3 (ADL): 10 files
  Activity 4 (ADL): 5 files
  Activity 5 (ADL): 10 files
  Activity 6 (ADL): 10 files
  Activity 7 (ADL): 11 files
  Activity 8 (ADL): 10 files
  Activity 9 (ADL): 10 files
  Activity 10 (Fall): 10 files
  Activity 11 (Fall): 10 files
  Activity 12 (Fall): 10 files
  Activity 13 (Fall): 8 files
  Activity 14 (Fall): 9 files
Traceback (most recent call last):
  File "/mmfs1/home/sww35/testWatchAcc/LightHART/main.py", line 460, in <module>
    trainer.start()
  File "/mmfs1/home/sww35/testWatchAcc/LightHART/main.py", line 407, in start
    if not self.load_data():
  File "/mmfs1/home/sww35/testWatchAcc/LightHART/main.py", line 200, in load_data
    self.distribution_viz(self.norm_train['labels'], self.arg.work_dir, 'train')
  File "/mmfs1/home/sww35/testWatchAcc/LightHART/main.py", line 176, in distribution_viz
    plt.bar(x=values, height=count)
NameError: name 'plt' is not defined
Traceback (most recent call last):
  File "/mmfs1/home/sww35/testWatchAcc/LightHART/distiller.py", line 289, in <module>
    trainer = Distiller(arg)
  File "/mmfs1/home/sww35/testWatchAcc/LightHART/distiller.py", line 118, in __init__
    super().__init__(arg)
  File "/mmfs1/home/sww35/testWatchAcc/LightHART/main.py", line 115, in __init__
    self.model = self.load_model(arg.model, arg.model_args)
  File "/mmfs1/home/sww35/testWatchAcc/LightHART/main.py", line 155, in load_model
    model = Model(**model_args).to(f'cuda:{self.output_device}' if use_cuda else 'cpu')
  File "/home/sww35/.local/lib/python3.9/site-packages/torch/nn/modules/module.py", line 1343, in to
    return self._apply(convert)
  File "/home/sww35/.local/lib/python3.9/site-packages/torch/nn/modules/module.py", line 903, in _apply
    module._apply(fn)
  File "/home/sww35/.local/lib/python3.9/site-packages/torch/nn/modules/module.py", line 903, in _apply
    module._apply(fn)
  File "/home/sww35/.local/lib/python3.9/site-packages/torch/nn/modules/module.py", line 930, in _apply
    param_applied = fn(param)
  File "/home/sww35/.local/lib/python3.9/site-packages/torch/nn/modules/module.py", line 1329, in convert
    return t.to(
RuntimeError: CUDA error: invalid device ordinal
CUDA kernel errors might be asynchronously reported at some other API call, so the stacktrace below might be incorrect.
For debugging consider passing CUDA_LAUNCH_BLOCKING=1
Compile with `TORCH_USE_CUDA_DSA` to enable device-side assertions.

