Traceback (most recent call last):
  File "/mmfs1/home/sww35/testWatchAcc/LightHART/main.py", line 459, in <module>
    trainer = Trainer(arg)
  File "/mmfs1/home/sww35/testWatchAcc/LightHART/main.py", line 115, in __init__
    self.model = self.load_model(arg.model, arg.model_args)
  File "/mmfs1/home/sww35/testWatchAcc/LightHART/main.py", line 155, in load_model
    model = Model(**model_args).to(f'cuda:{self.output_device}' if use_cuda else 'cpu')
  File "/home/sww35/.local/lib/python3.9/site-packages/torch/nn/modules/module.py", line 1343, in to
    return self._apply(convert)
  File "/home/sww35/.local/lib/python3.9/site-packages/torch/nn/modules/module.py", line 903, in _apply
    module._apply(fn)
  File "/home/sww35/.local/lib/python3.9/site-packages/torch/nn/modules/module.py", line 903, in _apply
    module._apply(fn)
  File "/home/sww35/.local/lib/python3.9/site-packages/torch/nn/modules/module.py", line 930, in _apply
    param_applied = fn(param)
  File "/home/sww35/.local/lib/python3.9/site-packages/torch/nn/modules/module.py", line 1329, in convert
    return t.to(
RuntimeError: CUDA error: invalid device ordinal
CUDA kernel errors might be asynchronously reported at some other API call, so the stacktrace below might be incorrect.
For debugging consider passing CUDA_LAUNCH_BLOCKING=1
Compile with `TORCH_USE_CUDA_DSA` to enable device-side assertions.

Traceback (most recent call last):
  File "/mmfs1/home/sww35/testWatchAcc/LightHART/main.py", line 78, in import_class
    return getattr(sys.modules[mod_str], class_str)
AttributeError: module 'Models.transformer' has no attribute 'TransModel'

During handling of the above exception, another exception occurred:

Traceback (most recent call last):
  File "/mmfs1/home/sww35/testWatchAcc/LightHART/distiller.py", line 289, in <module>
    trainer = Distiller(arg)
  File "/mmfs1/home/sww35/testWatchAcc/LightHART/distiller.py", line 118, in __init__
    super().__init__(arg)
  File "/mmfs1/home/sww35/testWatchAcc/LightHART/main.py", line 115, in __init__
    self.model = self.load_model(arg.model, arg.model_args)
  File "/mmfs1/home/sww35/testWatchAcc/LightHART/main.py", line 154, in load_model
    Model = import_class(model)
  File "/mmfs1/home/sww35/testWatchAcc/LightHART/main.py", line 80, in import_class
    raise ImportError('Class %s cannot be found (%s)' % (class_str, traceback.format_exception(*sys.exc_info())))
ImportError: Class TransModel cannot be found (['Traceback (most recent call last):\n', '  File "/mmfs1/home/sww35/testWatchAcc/LightHART/main.py", line 78, in import_class\n    return getattr(sys.modules[mod_str], class_str)\n', "AttributeError: module 'Models.transformer' has no attribute 'TransModel'\n"])
